
==========================================================================
global place report_tns
--------------------------------------------------------------------------
tns max 0.00

==========================================================================
global place report_wns
--------------------------------------------------------------------------
wns max 0.00

==========================================================================
global place report_worst_slack
--------------------------------------------------------------------------
worst slack max 5.94

==========================================================================
global place report_clock_min_period
--------------------------------------------------------------------------
core_clk period_min = 4.06 fmax = 246.52

==========================================================================
global place report_checks -path_delay min
--------------------------------------------------------------------------
Startpoint: rst (input port clocked by core_clk)
Endpoint: MASTER.dout[4]$_DFFE_PP0P_
          (removal check against rising-edge clock core_clk)
Path Group: asynchronous
Path Type: min

Fanout     Cap    Slew   Delay    Time   Description
-----------------------------------------------------------------------------
                  0.00    0.00    0.00   clock core_clk (rise edge)
                          0.00    0.00   clock network delay (ideal)
                          2.00    2.00 v input external delay
     1    0.00    0.00    0.00    2.00 v rst (in)
                                         rst (net)
                  0.00    0.00    2.00 v input16/A (sky130_fd_sc_hd__clkdlybuf4s50_1)
     1    0.00    0.06    0.41    2.41 v input16/X (sky130_fd_sc_hd__clkdlybuf4s50_1)
                                         net16 (net)
                  0.06    0.00    2.41 v _296_/A (sky130_fd_sc_hd__inv_2)
     1    0.00    0.02    0.04    2.45 ^ _296_/Y (sky130_fd_sc_hd__inv_2)
                                         _032_ (net)
                  0.02    0.00    2.45 ^ place68/A (sky130_fd_sc_hd__buf_4)
    55    0.29    0.77    0.61    3.07 ^ place68/X (sky130_fd_sc_hd__buf_4)
                                         net68 (net)
                  0.77    0.00    3.07 ^ MASTER.dout[4]$_DFFE_PP0P_/RESET_B (sky130_fd_sc_hd__dfrtp_1)
                                  3.07   data arrival time

                  0.00    0.00    0.00   clock core_clk (rise edge)
                          0.00    0.00   clock network delay (ideal)
                          0.00    0.00   clock reconvergence pessimism
                                  0.00 ^ MASTER.dout[4]$_DFFE_PP0P_/CLK (sky130_fd_sc_hd__dfrtp_1)
                          0.51    0.51   library removal time
                                  0.51   data required time
-----------------------------------------------------------------------------
                                  0.51   data required time
                                 -3.07   data arrival time
-----------------------------------------------------------------------------
                                  2.56   slack (MET)


Startpoint: MASTER.done$_DFFE_PP0N_
            (rising edge-triggered flip-flop clocked by core_clk)
Endpoint: MASTER.done$_DFFE_PP0N_
          (rising edge-triggered flip-flop clocked by core_clk)
Path Group: core_clk
Path Type: min

Fanout     Cap    Slew   Delay    Time   Description
-----------------------------------------------------------------------------
                  0.00    0.00    0.00   clock core_clk (rise edge)
                          0.00    0.00   clock network delay (ideal)
                  0.00    0.00    0.00 ^ MASTER.done$_DFFE_PP0N_/CLK (sky130_fd_sc_hd__dfrtp_1)
     2    0.01    0.07    0.32    0.32 ^ MASTER.done$_DFFE_PP0N_/Q (sky130_fd_sc_hd__dfrtp_1)
                                         net29 (net)
                  0.07    0.00    0.32 ^ _457_/A2 (sky130_fd_sc_hd__a21o_1)
     1    0.00    0.04    0.11    0.43 ^ _457_/X (sky130_fd_sc_hd__a21o_1)
                                         _038_ (net)
                  0.04    0.00    0.43 ^ MASTER.done$_DFFE_PP0N_/D (sky130_fd_sc_hd__dfrtp_1)
                                  0.43   data arrival time

                  0.00    0.00    0.00   clock core_clk (rise edge)
                          0.00    0.00   clock network delay (ideal)
                          0.00    0.00   clock reconvergence pessimism
                                  0.00 ^ MASTER.done$_DFFE_PP0N_/CLK (sky130_fd_sc_hd__dfrtp_1)
                         -0.04   -0.04   library hold time
                                 -0.04   data required time
-----------------------------------------------------------------------------
                                 -0.04   data required time
                                 -0.43   data arrival time
-----------------------------------------------------------------------------
                                  0.47   slack (MET)



==========================================================================
global place report_checks -path_delay max
--------------------------------------------------------------------------
Startpoint: rst (input port clocked by core_clk)
Endpoint: MASTER.tx_shift[7]$_DFFE_PP0P_
          (recovery check against rising-edge clock core_clk)
Path Group: asynchronous
Path Type: max

Fanout     Cap    Slew   Delay    Time   Description
-----------------------------------------------------------------------------
                  0.00    0.00    0.00   clock core_clk (rise edge)
                          0.00    0.00   clock network delay (ideal)
                          2.00    2.00 v input external delay
     1    0.00    0.00    0.00    2.00 v rst (in)
                                         rst (net)
                  0.00    0.00    2.00 v input16/A (sky130_fd_sc_hd__clkdlybuf4s50_1)
     1    0.00    0.06    0.41    2.41 v input16/X (sky130_fd_sc_hd__clkdlybuf4s50_1)
                                         net16 (net)
                  0.06    0.00    2.41 v _296_/A (sky130_fd_sc_hd__inv_2)
     1    0.00    0.02    0.04    2.45 ^ _296_/Y (sky130_fd_sc_hd__inv_2)
                                         _032_ (net)
                  0.02    0.00    2.45 ^ place68/A (sky130_fd_sc_hd__buf_4)
    55    0.29    0.77    0.61    3.07 ^ place68/X (sky130_fd_sc_hd__buf_4)
                                         net68 (net)
                  0.77    0.01    3.08 ^ MASTER.tx_shift[7]$_DFFE_PP0P_/RESET_B (sky130_fd_sc_hd__dfrtp_1)
                                  3.08   data arrival time

                  0.00   10.00   10.00   clock core_clk (rise edge)
                          0.00   10.00   clock network delay (ideal)
                          0.00   10.00   clock reconvergence pessimism
                                 10.00 ^ MASTER.tx_shift[7]$_DFFE_PP0P_/CLK (sky130_fd_sc_hd__dfrtp_1)
                          0.02   10.02   library recovery time
                                 10.02   data required time
-----------------------------------------------------------------------------
                                 10.02   data required time
                                 -3.08   data arrival time
-----------------------------------------------------------------------------
                                  6.94   slack (MET)


Startpoint: cpol (input port clocked by core_clk)
Endpoint: MASTER.rx_shift[0]$_DFFE_PP0P_
          (rising edge-triggered flip-flop clocked by core_clk)
Path Group: core_clk
Path Type: max

Fanout     Cap    Slew   Delay    Time   Description
-----------------------------------------------------------------------------
                  0.00    0.00    0.00   clock core_clk (rise edge)
                          0.00    0.00   clock network delay (ideal)
                          2.00    2.00 ^ input external delay
     1    0.01    0.00    0.00    2.00 ^ cpol (in)
                                         cpol (net)
                  0.00    0.00    2.00 ^ input2/A (sky130_fd_sc_hd__clkdlybuf4s50_1)
     2    0.01    0.13    0.51    2.51 ^ input2/X (sky130_fd_sc_hd__clkdlybuf4s50_1)
                                         net2 (net)
                  0.13    0.00    2.52 ^ _257_/B (sky130_fd_sc_hd__xor2_2)
     4    0.03    0.42    0.37    2.89 ^ _257_/X (sky130_fd_sc_hd__xor2_2)
                                         _093_ (net)
                  0.42    0.00    2.89 ^ _306_/S (sky130_fd_sc_hd__mux2i_4)
     5    0.03    0.14    0.18    3.07 v _306_/Y (sky130_fd_sc_hd__mux2i_4)
                                         _119_ (net)
                  0.14    0.00    3.07 v _351_/C (sky130_fd_sc_hd__nor3_4)
    12    0.05    0.55    0.47    3.54 ^ _351_/Y (sky130_fd_sc_hd__nor3_4)
                                         _146_ (net)
                  0.55    0.00    3.54 ^ _353_/S (sky130_fd_sc_hd__mux2_2)
     1    0.00    0.05    0.39    3.93 v _353_/X (sky130_fd_sc_hd__mux2_2)
                                         _052_ (net)
                  0.05    0.00    3.93 v MASTER.rx_shift[0]$_DFFE_PP0P_/D (sky130_fd_sc_hd__dfrtp_1)
                                  3.93   data arrival time

                  0.00   10.00   10.00   clock core_clk (rise edge)
                          0.00   10.00   clock network delay (ideal)
                          0.00   10.00   clock reconvergence pessimism
                                 10.00 ^ MASTER.rx_shift[0]$_DFFE_PP0P_/CLK (sky130_fd_sc_hd__dfrtp_1)
                         -0.12    9.88   library setup time
                                  9.88   data required time
-----------------------------------------------------------------------------
                                  9.88   data required time
                                 -3.93   data arrival time
-----------------------------------------------------------------------------
                                  5.94   slack (MET)



==========================================================================
global place report_checks -unconstrained
--------------------------------------------------------------------------
Startpoint: rst (input port clocked by core_clk)
Endpoint: MASTER.tx_shift[7]$_DFFE_PP0P_
          (recovery check against rising-edge clock core_clk)
Path Group: asynchronous
Path Type: max

Fanout     Cap    Slew   Delay    Time   Description
-----------------------------------------------------------------------------
                  0.00    0.00    0.00   clock core_clk (rise edge)
                          0.00    0.00   clock network delay (ideal)
                          2.00    2.00 v input external delay
     1    0.00    0.00    0.00    2.00 v rst (in)
                                         rst (net)
                  0.00    0.00    2.00 v input16/A (sky130_fd_sc_hd__clkdlybuf4s50_1)
     1    0.00    0.06    0.41    2.41 v input16/X (sky130_fd_sc_hd__clkdlybuf4s50_1)
                                         net16 (net)
                  0.06    0.00    2.41 v _296_/A (sky130_fd_sc_hd__inv_2)
     1    0.00    0.02    0.04    2.45 ^ _296_/Y (sky130_fd_sc_hd__inv_2)
                                         _032_ (net)
                  0.02    0.00    2.45 ^ place68/A (sky130_fd_sc_hd__buf_4)
    55    0.29    0.77    0.61    3.07 ^ place68/X (sky130_fd_sc_hd__buf_4)
                                         net68 (net)
                  0.77    0.01    3.08 ^ MASTER.tx_shift[7]$_DFFE_PP0P_/RESET_B (sky130_fd_sc_hd__dfrtp_1)
                                  3.08   data arrival time

                  0.00   10.00   10.00   clock core_clk (rise edge)
                          0.00   10.00   clock network delay (ideal)
                          0.00   10.00   clock reconvergence pessimism
                                 10.00 ^ MASTER.tx_shift[7]$_DFFE_PP0P_/CLK (sky130_fd_sc_hd__dfrtp_1)
                          0.02   10.02   library recovery time
                                 10.02   data required time
-----------------------------------------------------------------------------
                                 10.02   data required time
                                 -3.08   data arrival time
-----------------------------------------------------------------------------
                                  6.94   slack (MET)


Startpoint: cpol (input port clocked by core_clk)
Endpoint: MASTER.rx_shift[0]$_DFFE_PP0P_
          (rising edge-triggered flip-flop clocked by core_clk)
Path Group: core_clk
Path Type: max

Fanout     Cap    Slew   Delay    Time   Description
-----------------------------------------------------------------------------
                  0.00    0.00    0.00   clock core_clk (rise edge)
                          0.00    0.00   clock network delay (ideal)
                          2.00    2.00 ^ input external delay
     1    0.01    0.00    0.00    2.00 ^ cpol (in)
                                         cpol (net)
                  0.00    0.00    2.00 ^ input2/A (sky130_fd_sc_hd__clkdlybuf4s50_1)
     2    0.01    0.13    0.51    2.51 ^ input2/X (sky130_fd_sc_hd__clkdlybuf4s50_1)
                                         net2 (net)
                  0.13    0.00    2.52 ^ _257_/B (sky130_fd_sc_hd__xor2_2)
     4    0.03    0.42    0.37    2.89 ^ _257_/X (sky130_fd_sc_hd__xor2_2)
                                         _093_ (net)
                  0.42    0.00    2.89 ^ _306_/S (sky130_fd_sc_hd__mux2i_4)
     5    0.03    0.14    0.18    3.07 v _306_/Y (sky130_fd_sc_hd__mux2i_4)
                                         _119_ (net)
                  0.14    0.00    3.07 v _351_/C (sky130_fd_sc_hd__nor3_4)
    12    0.05    0.55    0.47    3.54 ^ _351_/Y (sky130_fd_sc_hd__nor3_4)
                                         _146_ (net)
                  0.55    0.00    3.54 ^ _353_/S (sky130_fd_sc_hd__mux2_2)
     1    0.00    0.05    0.39    3.93 v _353_/X (sky130_fd_sc_hd__mux2_2)
                                         _052_ (net)
                  0.05    0.00    3.93 v MASTER.rx_shift[0]$_DFFE_PP0P_/D (sky130_fd_sc_hd__dfrtp_1)
                                  3.93   data arrival time

                  0.00   10.00   10.00   clock core_clk (rise edge)
                          0.00   10.00   clock network delay (ideal)
                          0.00   10.00   clock reconvergence pessimism
                                 10.00 ^ MASTER.rx_shift[0]$_DFFE_PP0P_/CLK (sky130_fd_sc_hd__dfrtp_1)
                         -0.12    9.88   library setup time
                                  9.88   data required time
-----------------------------------------------------------------------------
                                  9.88   data required time
                                 -3.93   data arrival time
-----------------------------------------------------------------------------
                                  5.94   slack (MET)



==========================================================================
global place report_power
--------------------------------------------------------------------------
Group                  Internal  Switching    Leakage      Total
                          Power      Power      Power      Power (Watts)
----------------------------------------------------------------
Sequential             2.41e-04   1.14e-06   1.04e-09   2.43e-04  85.4%
Combinational          2.00e-05   2.14e-05   9.40e-10   4.14e-05  14.6%
Clock                  0.00e+00   0.00e+00   0.00e+00   0.00e+00   0.0%
Macro                  0.00e+00   0.00e+00   0.00e+00   0.00e+00   0.0%
Pad                    0.00e+00   0.00e+00   0.00e+00   0.00e+00   0.0%
----------------------------------------------------------------
Total                  2.61e-04   2.26e-05   1.98e-09   2.84e-04 100.0%
                          92.0%       7.9%       0.0%
